Microchip MPLAB XC8 Compiler V2.30

Linker command line:

-W-3 --edf=D:\Program Files\Microchip\xc8\v2.30\pic\dat\en_msgs.txt \
  -pivt0x8=08h -cn \
  -h+dist/default/production\PIC_lab02_MCC.X.production.sym \
  --cmf=dist/default/production\PIC_lab02_MCC.X.production.cmf -z \
  -Q18F57Q43 -oC:\Users\Tribe\AppData\Local\Temp\s9r0x2 \
  --defsym=__MPLAB_BUILD=1 \
  -Mdist/default/production/PIC_lab02_MCC.X.production.map -E1 \
  -ver=XC8 Compiler --acfsm=1493 -ASTACK=0560h-025FFh -pstack=STACK \
  -ACODE=00h-01FFFFh -ACONST=00h-01FFFFh -ASMALLCONST=02600h-026FFhx474 \
  -AMEDIUMCONST=02600h-0FFFFh,012600h-01FFFFh -ACOMRAM=0501h-055Fh \
  -AABS1=0500h-025FFh -ABIGRAM=0501h-025FFh \
  -ARAM=0560h-05FFh,0600h-06FFhx32 -ABANK5=0560h-05FFh -ABANK6=0600h-06FFh \
  -ABANK7=0700h-07FFh -ABANK8=0800h-08FFh -ABANK9=0900h-09FFh \
  -ABANK10=0A00h-0AFFh -ABANK11=0B00h-0BFFh -ABANK12=0C00h-0CFFh \
  -ABANK13=0D00h-0DFFh -ABANK14=0E00h-0EFFh -ABANK15=0F00h-0FFFh \
  -ABANK16=01000h-010FFh -ABANK17=01100h-011FFh -ABANK18=01200h-012FFh \
  -ABANK19=01300h-013FFh -ABANK20=01400h-014FFh -ABANK21=01500h-015FFh \
  -ABANK22=01600h-016FFh -ABANK23=01700h-017FFh -ABANK24=01800h-018FFh \
  -ABANK25=01900h-019FFh -ABANK26=01A00h-01AFFh -ABANK27=01B00h-01BFFh \
  -ABANK28=01C00h-01CFFh -ABANK29=01D00h-01DFFh -ABANK30=01E00h-01EFFh \
  -ABANK31=01F00h-01FFFh -ABANK32=02000h-020FFh -ABANK33=02100h-021FFh \
  -ABANK34=02200h-022FFh -ABANK35=02300h-023FFh -ABANK36=02400h-024FFh \
  -ABANK37=02500h-025FFh -ASFR=00h-0FFhx4,0400h-045Fh,0460h-04FFh \
  -ACONFIG=0300000h-0300011h -AIDLOC=0200000h-020001Fh \
  -AEEDATA=0380000h-03803FFh -peeprom_data=EEDATA -preset_vec=00h \
  -ppowerup=CODE,init -pramtop=02600h -psmallconst=SMALLCONST \
  -pmediumconst=MEDIUMCONST -pconst=CONST -AFARRAM=00h-00h \
  -prdata=COMRAM,nvrram=COMRAM,nvbit=COMRAM,rbss=COMRAM,rbit=COMRAM \
  -pfarbss=FARRAM,fardata=FARRAM,nvFARRAM=FARRAM \
  -pintsave_regs=BIGRAM,bigbss=BIGRAM,bigdata=BIGRAM -pbss=RAM \
  -pidata=CODE,irdata=CODE,ibigdata=CODE,ifardata=CODE -prparam=COMRAM \
  C:\Users\Tribe\AppData\Local\Temp\s9r0x8.o \
  dist/default/production\PIC_lab02_MCC.X.production.o 

Object code version is 3.11

Machine type is 18F57Q43



                Name                               Link     Load   Length Selector   Space Scale
C:\Users\Tribe\AppData\Local\Temp\s9r0x8.o
                idloc                            200000   200000       20        0       5
                config                           300000   300000        A        0       4
                init                                102      102        4        4       0
                reset_vec                             0        0        4        0       0
dist/default/production\PIC_lab02_MCC.X.production.o
                idloc                            200000   200000       20        0       5
                config                           300000   300000        A        0       4
                ivt0x8                                8        8       FA        4       0
                text22                              3C2      3C2        A        4       0
                text21                              3EA      3EA        2        4       0
                text20                              2DC      2DC       30        4       0
                text19                              3DC      3DC        8        4       0
                text18                              3B4      3B4        E        4       0
                text17                              3E8      3E8        2        4       0
                text16                              2AC      2AC       30        4       0
                text15                              3D4      3D4        8        4       0
                text14                              37A      37A       10        4       0
                text13                              3E6      3E6        2        4       0
                text12                              27C      27C       30        4       0
                text11                              3CC      3CC        8        4       0
                text10                              3E4      3E4        2        4       0
                text9                               3A6      3A6        E        4       0
                text8                               398      398        E        4       0
                text7                               38A      38A        E        4       0
                text6                               1F6      1F6       44        4       0
                text5                               23A      23A       42        4       0
                text4                               330      330       1C        4       0
                text3                               106      106       A8        4       0
                text2                               30C      30C       24        4       0
                text1                               364      364       16        4       0
                text0                               1AE      1AE       48        4       0
                cstackCOMRAM                        50A      50A        3      501       1
                bssCOMRAM                           50D      50D        2      501       1
                cinit                               34C      34C       18        4       0
                nvCOMRAM                            501      501        9      501       1

TOTAL           Name                               Link     Load   Length     Space
        CLASS   STACK          

        CLASS   CODE           
                init                                102      102        4         0
                reset_vec                             0        0        4         0
                ivt0x8                                8        8       FA         0
                text22                              3C2      3C2        A         0
                text21                              3EA      3EA        2         0
                text20                              2DC      2DC       30         0
                text19                              3DC      3DC        8         0
                text18                              3B4      3B4        E         0
                text17                              3E8      3E8        2         0
                text16                              2AC      2AC       30         0
                text15                              3D4      3D4        8         0
                text14                              37A      37A       10         0
                text13                              3E6      3E6        2         0
                text12                              27C      27C       30         0
                text11                              3CC      3CC        8         0
                text10                              3E4      3E4        2         0
                text9                               3A6      3A6        E         0
                text8                               398      398        E         0
                text7                               38A      38A        E         0
                text6                               1F6      1F6       44         0
                text5                               23A      23A       42         0
                text4                               330      330       1C         0
                text3                               106      106       A8         0
                text2                               30C      30C       24         0
                text1                               364      364       16         0
                text0                               1AE      1AE       48         0
                cinit                               34C      34C       18         0

        CLASS   CONST          

        CLASS   SMALLCONST     

        CLASS   MEDIUMCONST    

        CLASS   COMRAM         
                cstackCOMRAM                        50A      50A        3         1
                bssCOMRAM                           50D      50D        2         1
                nvCOMRAM                            501      501        9         1

        CLASS   ABS1           

        CLASS   BIGRAM         

        CLASS   RAM            

        CLASS   BANK5          

        CLASS   BANK6          

        CLASS   BANK7          

        CLASS   BANK8          

        CLASS   BANK9          

        CLASS   BANK10         

        CLASS   BANK11         

        CLASS   BANK12         

        CLASS   BANK13         

        CLASS   BANK14         

        CLASS   BANK15         

        CLASS   BANK16         

        CLASS   BANK17         

        CLASS   BANK18         

        CLASS   BANK19         

        CLASS   BANK20         

        CLASS   BANK21         

        CLASS   BANK22         

        CLASS   BANK23         

        CLASS   BANK24         

        CLASS   BANK25         

        CLASS   BANK26         

        CLASS   BANK27         

        CLASS   BANK28         

        CLASS   BANK29         

        CLASS   BANK30         

        CLASS   BANK31         

        CLASS   BANK32         

        CLASS   BANK33         

        CLASS   BANK34         

        CLASS   BANK35         

        CLASS   BANK36         

        CLASS   BANK37         

        CLASS   SFR            

        CLASS   CONFIG         
                config                           300000   300000        A         4

        CLASS   IDLOC          
                idloc                            200000   200000       20         5

        CLASS   EEDATA         

        CLASS   FARRAM         



SEGMENTS        Name                           Load    Length   Top    Selector   Space  Class

                reset_vec                      000000  000004  000004         0       0  CODE    
                ivt0x8                         000008  0003E4  0003EC         4       0  CODE    
                nvCOMRAM                       000501  00000E  00050F       501       1  COMRAM  


UNUSED ADDRESS RANGES

        Name                Unused          Largest block    Delta
        BANK10           000A00-000AFF              100
        BANK11           000B00-000BFF              100
        BANK12           000C00-000CFF              100
        BANK13           000D00-000DFF              100
        BANK14           000E00-000EFF              100
        BANK15           000F00-000FFF              100
        BANK16           001000-0010FF              100
        BANK17           001100-0011FF              100
        BANK18           001200-0012FF              100
        BANK19           001300-0013FF              100
        BANK20           001400-0014FF              100
        BANK21           001500-0015FF              100
        BANK22           001600-0016FF              100
        BANK23           001700-0017FF              100
        BANK24           001800-0018FF              100
        BANK25           001900-0019FF              100
        BANK26           001A00-001AFF              100
        BANK27           001B00-001BFF              100
        BANK28           001C00-001CFF              100
        BANK29           001D00-001DFF              100
        BANK30           001E00-001EFF              100
        BANK31           001F00-001FFF              100
        BANK32           002000-0020FF              100
        BANK33           002100-0021FF              100
        BANK34           002200-0022FF              100
        BANK35           002300-0023FF              100
        BANK36           002400-0024FF              100
        BANK37           002500-0025FF              100
        BANK5            000560-0005FF               A0
        BANK6            000600-0006FF              100
        BANK7            000700-0007FF              100
        BANK8            000800-0008FF              100
        BANK9            000900-0009FF              100
        BIGRAM           00050F-0025FF             20F1
        CODE             000004-000007                4
                         0003EC-01FFFF            1FC14
        COMRAM           00050F-00055F               51
        CONFIG           30000A-300011                8
        CONST            000004-000007                4
                         0003EC-01FFFF            1FC14
        EEDATA           380000-3803FF              400
        MEDIUMCONST      002600-00FFFF             DA00
                         012600-01FFFF             DA00
        RAM              000560-0025FF              100
        SFR              000000-0004FF              100
        SMALLCONST       002600-01FFFF              100
        STACK            000560-0025FF             20A0

                                  Symbol Table

INT0_SetInterruptHandler@InterruptHandler cstackCOMRAM 00050A
INT1_SetInterruptHandler@InterruptHandler cstackCOMRAM 00050A
INT2_SetInterruptHandler@InterruptHandler cstackCOMRAM 00050A
INTERRUPT_Initialize@state                cstackCOMRAM 00050A
IVTBASEH                                  (abs)        00045E
IVTBASEL                                  (abs)        00045D
IVTBASEU                                  (abs)        00045F
_ACTCON                                   (abs)        0000AC
_ANSELA                                   (abs)        000400
_ANSELB                                   (abs)        000408
_ANSELC                                   (abs)        000410
_ANSELD                                   (abs)        000418
_ANSELE                                   (abs)        000420
_ANSELF                                   (abs)        000428
_Default_ISR                              text10       0003E4
_EXT_INT_Initialize                       text6        0001F6
_GIE                                      (abs)        0026B7
_INLVLA                                   (abs)        000404
_INLVLB                                   (abs)        00040C
_INLVLC                                   (abs)        000414
_INLVLD                                   (abs)        00041C
_INLVLE                                   (abs)        000424
_INLVLF                                   (abs)        00042C
_INT0PPS                                  (abs)        00023E
_INT0_CallBack                            text12       00027C
_INT0_DefaultInterruptHandler             text13       0003E6
_INT0_ISR                                 text11       0003CC
_INT0_InterruptHandler                    nvCOMRAM     000507
_INT0_SetInterruptHandler                 text9        0003A6
_INT1PPS                                  (abs)        00023F
_INT1_CallBack                            text16       0002AC
_INT1_DefaultInterruptHandler             text17       0003E8
_INT1_ISR                                 text15       0003D4
_INT1_InterruptHandler                    nvCOMRAM     000504
_INT1_SetInterruptHandler                 text8        000398
_INT2PPS                                  (abs)        000240
_INT2_CallBack                            text20       0002DC
_INT2_DefaultInterruptHandler             text21       0003EA
_INT2_ISR                                 text19       0003DC
_INT2_InterruptHandler                    nvCOMRAM     000501
_INT2_SetInterruptHandler                 text7        00038A
_INTCON0bits                              (abs)        0004D6
_INTERRUPT_Initialize                     text5        00023A
_IPR10bits                                (abs)        00036C
_IPR1bits                                 (abs)        000363
_IPR6bits                                 (abs)        000368
_IVTBASEH                                 (abs)        00045E
_IVTBASEL                                 (abs)        00045D
_IVTBASEU                                 (abs)        00045F
_IVTLOCK                                  (abs)        000459
_IVTLOCKbits                              (abs)        000459
_LATA                                     (abs)        0004BE
_LATB                                     (abs)        0004BF
_LATC                                     (abs)        0004C0
_LATD                                     (abs)        0004C1
_LATE                                     (abs)        0004C2
_LATF                                     (abs)        0004C3
_ODCONA                                   (abs)        000402
_ODCONB                                   (abs)        00040A
_ODCONC                                   (abs)        000412
_ODCOND                                   (abs)        00041A
_ODCONE                                   (abs)        000422
_ODCONF                                   (abs)        00042A
_OSCCON1                                  (abs)        0000AD
_OSCCON3                                  (abs)        0000AF
_OSCEN                                    (abs)        0000B3
_OSCFRQ                                   (abs)        0000B1
_OSCILLATOR_Initialize                    text4        000330
_OSCTUNE                                  (abs)        0000B0
_PIE10bits                                (abs)        0004A8
_PIE1bits                                 (abs)        00049F
_PIE6bits                                 (abs)        0004A4
_PIN_MANAGER_Initialize                   text3        000106
_PIR10bits                                (abs)        0004B8
_PIR1bits                                 (abs)        0004AF
_PIR6bits                                 (abs)        0004B4
_PMD0                                     (abs)        000060
_PMD1                                     (abs)        000061
_PMD3                                     (abs)        000063
_PMD4                                     (abs)        000064
_PMD5                                     (abs)        000065
_PMD6                                     (abs)        000066
_PMD7                                     (abs)        000067
_PMD8                                     (abs)        000068
_PMD_Initialize                           text2        00030C
_PORTA                                    (abs)        0004CE
_RB1I2C                                   (abs)        000289
_RB2I2C                                   (abs)        000288
_RC3I2C                                   (abs)        000287
_RC4I2C                                   (abs)        000286
_SLRCONA                                  (abs)        000403
_SLRCONB                                  (abs)        00040B
_SLRCONC                                  (abs)        000413
_SLRCOND                                  (abs)        00041B
_SLRCONE                                  (abs)        000423
_SLRCONF                                  (abs)        00042B
_SYSTEM_Initialize                        text1        000364
_TRISA                                    (abs)        0004C6
_TRISB                                    (abs)        0004C7
_TRISC                                    (abs)        0004C8
_TRISD                                    (abs)        0004C9
_TRISE                                    (abs)        0004CA
_TRISF                                    (abs)        0004CB
_WPUA                                     (abs)        000401
_WPUB                                     (abs)        000409
_WPUC                                     (abs)        000411
_WPUD                                     (abs)        000419
_WPUE                                     (abs)        000421
_WPUF                                     (abs)        000429
__HRAM                                    (abs)        000000
__Habs1                                   abs1         000000
__Hbank10                                 bank10       000000
__Hbank11                                 bank11       000000
__Hbank12                                 bank12       000000
__Hbank13                                 bank13       000000
__Hbank14                                 bank14       000000
__Hbank15                                 bank15       000000
__Hbank16                                 bank16       000000
__Hbank17                                 bank17       000000
__Hbank18                                 bank18       000000
__Hbank19                                 bank19       000000
__Hbank20                                 bank20       000000
__Hbank21                                 bank21       000000
__Hbank22                                 bank22       000000
__Hbank23                                 bank23       000000
__Hbank24                                 bank24       000000
__Hbank25                                 bank25       000000
__Hbank26                                 bank26       000000
__Hbank27                                 bank27       000000
__Hbank28                                 bank28       000000
__Hbank29                                 bank29       000000
__Hbank30                                 bank30       000000
__Hbank31                                 bank31       000000
__Hbank32                                 bank32       000000
__Hbank33                                 bank33       000000
__Hbank34                                 bank34       000000
__Hbank35                                 bank35       000000
__Hbank36                                 bank36       000000
__Hbank37                                 bank37       000000
__Hbank5                                  bank5        000000
__Hbank6                                  bank6        000000
__Hbank7                                  bank7        000000
__Hbank8                                  bank8        000000
__Hbank9                                  bank9        000000
__Hbigbss                                 bigbss       000000
__Hbigdata                                bigdata      000000
__Hbigram                                 bigram       000000
__Hbss                                    bss          000000
__HbssCOMRAM                              bssCOMRAM    000000
__Hcinit                                  cinit        000000
__Hclrtext                                clrtext      000000
__Hcomram                                 comram       000000
__Hconfig                                 config       30000A
__Hconst                                  const        000000
__HcstackCOMRAM                           cstackCOMRAM 000000
__Hdata                                   data         000000
__Heeprom_data                            eeprom_data  000000
__Hfarbss                                 farbss       000000
__Hfardata                                fardata      000000
__Hibigdata                               ibigdata     000000
__Hidata                                  idata        000000
__Hidloc                                  idloc        200020
__Hifardata                               ifardata     000000
__Hinit                                   init         000106
__Hintsave_regs                           intsave_regs 000000
__Hirdata                                 irdata       000000
__Hivt0x8                                 ivt0x8       000102
__Hmediumconst                            mediumconst  000000
__HnvCOMRAM                               nvCOMRAM     000000
__HnvFARRAM                               nvFARRAM     000000
__Hnvbit                                  nvbit        000000
__Hnvrram                                 nvrram       000000
__Hparam                                  rparam       000000
__Hpowerup                                powerup      000000
__Hram                                    ram          000000
__Hramtop                                 ramtop       002600
__Hrbit                                   rbit         000000
__Hrbss                                   rbss         000000
__Hrdata                                  rdata        000000
__Hreset_vec                              reset_vec    000004
__Hrparam                                 rparam       000000
__Hsfr                                    sfr          000000
__Hsmallconst                             smallconst   000000
__Hspace_0                                (abs)        002600
__Hspace_1                                (abs)        00050F
__Hspace_2                                (abs)        000000
__Hspace_4                                (abs)        60000A
__Hstack                                  stack        000000
__Hstruct                                 struct       000000
__Htemp                                   temp         000000
__Htext                                   text         000000
__Htext0                                  text0        000000
__Htext1                                  text1        000000
__Htext10                                 text10       000000
__Htext11                                 text11       000000
__Htext12                                 text12       000000
__Htext13                                 text13       000000
__Htext14                                 text14       000000
__Htext15                                 text15       000000
__Htext16                                 text16       000000
__Htext17                                 text17       000000
__Htext18                                 text18       000000
__Htext19                                 text19       000000
__Htext2                                  text2        000000
__Htext20                                 text20       000000
__Htext21                                 text21       000000
__Htext22                                 text22       000000
__Htext23                                 text23       000000
__Htext3                                  text3        000000
__Htext4                                  text4        000000
__Htext5                                  text5        000000
__Htext6                                  text6        000000
__Htext7                                  text7        000000
__Htext8                                  text8        000000
__Htext9                                  text9        000000
__LRAM                                    (abs)        000001
__Labs1                                   abs1         000000
__Lbank10                                 bank10       000000
__Lbank11                                 bank11       000000
__Lbank12                                 bank12       000000
__Lbank13                                 bank13       000000
__Lbank14                                 bank14       000000
__Lbank15                                 bank15       000000
__Lbank16                                 bank16       000000
__Lbank17                                 bank17       000000
__Lbank18                                 bank18       000000
__Lbank19                                 bank19       000000
__Lbank20                                 bank20       000000
__Lbank21                                 bank21       000000
__Lbank22                                 bank22       000000
__Lbank23                                 bank23       000000
__Lbank24                                 bank24       000000
__Lbank25                                 bank25       000000
__Lbank26                                 bank26       000000
__Lbank27                                 bank27       000000
__Lbank28                                 bank28       000000
__Lbank29                                 bank29       000000
__Lbank30                                 bank30       000000
__Lbank31                                 bank31       000000
__Lbank32                                 bank32       000000
__Lbank33                                 bank33       000000
__Lbank34                                 bank34       000000
__Lbank35                                 bank35       000000
__Lbank36                                 bank36       000000
__Lbank37                                 bank37       000000
__Lbank5                                  bank5        000000
__Lbank6                                  bank6        000000
__Lbank7                                  bank7        000000
__Lbank8                                  bank8        000000
__Lbank9                                  bank9        000000
__Lbigbss                                 bigbss       000000
__Lbigdata                                bigdata      000000
__Lbigram                                 bigram       000000
__Lbss                                    bss          000000
__LbssCOMRAM                              bssCOMRAM    000000
__Lcinit                                  cinit        000000
__Lclrtext                                clrtext      000000
__Lcomram                                 comram       000000
__Lconfig                                 config       000000
__Lconst                                  const        000000
__LcstackCOMRAM                           cstackCOMRAM 000000
__Ldata                                   data         000000
__Leeprom_data                            eeprom_data  000000
__Lfarbss                                 farbss       000000
__Lfardata                                fardata      000000
__Libigdata                               ibigdata     000000
__Lidata                                  idata        000000
__Lidloc                                  idloc        000000
__Lifardata                               ifardata     000000
__Linit                                   init         000102
__Lintsave_regs                           intsave_regs 000000
__Lirdata                                 irdata       000000
__Livt0x8                                 ivt0x8       000008
__Lmediumconst                            mediumconst  000000
__LnvCOMRAM                               nvCOMRAM     000000
__LnvFARRAM                               nvFARRAM     000000
__Lnvbit                                  nvbit        000000
__Lnvrram                                 nvrram       000000
__Lparam                                  rparam       000000
__Lpowerup                                powerup      000000
__Lram                                    ram          000000
__Lramtop                                 ramtop       002600
__Lrbit                                   rbit         000000
__Lrbss                                   rbss         000000
__Lrdata                                  rdata        000000
__Lreset_vec                              reset_vec    000000
__Lrparam                                 rparam       000000
__Lsfr                                    sfr          000000
__Lsmallconst                             smallconst   000000
__Lspace_0                                (abs)        000000
__Lspace_1                                (abs)        000000
__Lspace_2                                (abs)        000000
__Lspace_4                                (abs)        000000
__Lstack                                  stack        000000
__Lstruct                                 struct       000000
__Ltemp                                   temp         000000
__Ltext                                   text         000000
__Ltext0                                  text0        000000
__Ltext1                                  text1        000000
__Ltext10                                 text10       000000
__Ltext11                                 text11       000000
__Ltext12                                 text12       000000
__Ltext13                                 text13       000000
__Ltext14                                 text14       000000
__Ltext15                                 text15       000000
__Ltext16                                 text16       000000
__Ltext17                                 text17       000000
__Ltext18                                 text18       000000
__Ltext19                                 text19       000000
__Ltext2                                  text2        000000
__Ltext20                                 text20       000000
__Ltext21                                 text21       000000
__Ltext22                                 text22       000000
__Ltext23                                 text23       000000
__Ltext3                                  text3        000000
__Ltext4                                  text4        000000
__Ltext5                                  text5        000000
__Ltext6                                  text6        000000
__Ltext7                                  text7        000000
__Ltext8                                  text8        000000
__Ltext9                                  text9        000000
__S0                                      (abs)        0003EC
__S1                                      (abs)        00050F
__S2                                      (abs)        000000
__S4                                      (abs)        000000
__S5                                      (abs)        000000
___inthi_sp                               stack        000000
___intlo_sp                               stack        000000
___param_bank                             (abs)        000000
___rparam_used                            (abs)        000001
___sp                                     stack        000000
__accesstop                               (abs)        000560
__activetblptr                            (abs)        000003
__end_of_Default_ISR                      text10       0003E6
__end_of_EXT_INT_Initialize               text6        00023A
__end_of_INT0_CallBack                    text12       0002AC
__end_of_INT0_DefaultInterruptHandler     text13       0003E8
__end_of_INT0_ISR                         text11       0003D4
__end_of_INT0_SetInterruptHandler         text9        0003B4
__end_of_INT1_CallBack                    text16       0002DC
__end_of_INT1_DefaultInterruptHandler     text17       0003EA
__end_of_INT1_ISR                         text15       0003DC
__end_of_INT1_SetInterruptHandler         text8        0003A6
__end_of_INT2_CallBack                    text20       00030C
__end_of_INT2_DefaultInterruptHandler     text21       0003EC
__end_of_INT2_ISR                         text19       0003E4
__end_of_INT2_SetInterruptHandler         text7        000398
__end_of_INTERRUPT_Initialize             text5        00027C
__end_of_OSCILLATOR_Initialize            text4        00034C
__end_of_PIN_MANAGER_Initialize           text3        0001AE
__end_of_PMD_Initialize                   text2        000330
__end_of_SYSTEM_Initialize                text1        00037A
__end_of__initialization                  cinit        00035E
__end_of_main                             text0        0001F6
__end_of_my_INT0_ISR                      text14       00038A
__end_of_my_INT1_ISR                      text18       0003C2
__end_of_my_INT2_ISR                      text22       0003CC
__initialization                          cinit        00034C
__mediumconst                             mediumconst  000000
__pbssCOMRAM                              bssCOMRAM    00050D
__pcinit                                  cinit        00034C
__pcstackCOMRAM                           cstackCOMRAM 00050A
__pivt0x8                                 ivt0x8       000008
__pnvCOMRAM                               nvCOMRAM     000501
__ptext0                                  text0        0001AE
__ptext1                                  text1        000364
__ptext10                                 text10       0003E4
__ptext11                                 text11       0003CC
__ptext12                                 text12       00027C
__ptext13                                 text13       0003E6
__ptext14                                 text14       00037A
__ptext15                                 text15       0003D4
__ptext16                                 text16       0002AC
__ptext17                                 text17       0003E8
__ptext18                                 text18       0003B4
__ptext19                                 text19       0003DC
__ptext2                                  text2        00030C
__ptext20                                 text20       0002DC
__ptext21                                 text21       0003EA
__ptext22                                 text22       0003C2
__ptext23                                 text23       000000
__ptext3                                  text3        000106
__ptext4                                  text4        000330
__ptext5                                  text5        00023A
__ptext6                                  text6        0001F6
__ptext7                                  text7        00038A
__ptext8                                  text8        000398
__ptext9                                  text9        0003A6
__ramtop                                  ramtop       002600
__size_of_Default_ISR                     (abs)        000000
__size_of_EXT_INT_Initialize              (abs)        000000
__size_of_INT0_CallBack                   (abs)        000000
__size_of_INT0_DefaultInterruptHandler    (abs)        000000
__size_of_INT0_ISR                        (abs)        000000
__size_of_INT0_SetInterruptHandler        (abs)        000000
__size_of_INT1_CallBack                   (abs)        000000
__size_of_INT1_DefaultInterruptHandler    (abs)        000000
__size_of_INT1_ISR                        (abs)        000000
__size_of_INT1_SetInterruptHandler        (abs)        000000
__size_of_INT2_CallBack                   (abs)        000000
__size_of_INT2_DefaultInterruptHandler    (abs)        000000
__size_of_INT2_ISR                        (abs)        000000
__size_of_INT2_SetInterruptHandler        (abs)        000000
__size_of_INTERRUPT_Initialize            (abs)        000000
__size_of_OSCILLATOR_Initialize           (abs)        000000
__size_of_PIN_MANAGER_Initialize          (abs)        000000
__size_of_PMD_Initialize                  (abs)        000000
__size_of_SYSTEM_Initialize               (abs)        000000
__size_of_main                            (abs)        000000
__size_of_my_INT0_ISR                     (abs)        000000
__size_of_my_INT1_ISR                     (abs)        000000
__size_of_my_INT2_ISR                     (abs)        000000
__smallconst                              smallconst   000000
_acc                                      bssCOMRAM    00050D
_main                                     text0        0001AE
_my_INT0_ISR                              text14       00037A
_my_INT1_ISR                              text18       0003B4
_my_INT2_ISR                              text22       0003C2
end_of_initialization                     cinit        00035E
intlevel0                                 text         000000
intlevel1                                 text         000000
intlevel2                                 text         000000
intlevel3                                 text         000000
ivt0x8_base                               ivt0x8       000008
ivt0x8_undefint                           ivt0x8       000100
stackhi                                   (abs)        0025FF
stacklo                                   (abs)        000560
start                                     init         000102
start_initialization                      cinit        00034C


FUNCTION INFORMATION:

 *************** function _main *****************
 Defined at:
		line 71 in file "main.c"
 Parameters:    Size  Location     Type
		None
 Auto vars:     Size  Location     Type
		None
 Return value:  Size  Location     Type
                  1    wreg      void 
 Registers used:
		wreg, status,2, status,0, cstack
 Tracked objects:
		On entry : 
		On exit  : 
		Unchanged: 
 Data sizes:     COMRAM   BANK5   BANK6   BANK7   BANK8   BANK9  BANK10  BANK11  BANK12  BANK13  BANK14  BANK15  BANK16  BANK17  BANK18  BANK19  BANK20  BANK21  BANK22  BANK23  BANK24  BANK25  BANK26  BANK27  BANK28  BANK29  BANK30  BANK31  BANK32  BANK33  BANK34  BANK35  BANK36  BANK37
      Params:         0       0       0       0       0       0       0       0       0       0       0       0       0       0       0       0       0       0       0       0       0       0       0       0       0       0       0       0       0       0       0       0       0       0
      Locals:         0       0       0       0       0       0       0       0       0       0       0       0       0       0       0       0       0       0       0       0       0       0       0       0       0       0       0       0       0       0       0       0       0       0
      Temps:          0       0       0       0       0       0       0       0       0       0       0       0       0       0       0       0       0       0       0       0       0       0       0       0       0       0       0       0       0       0       0       0       0       0
      Totals:         0       0       0       0       0       0       0       0       0       0       0       0       0       0       0       0       0       0       0       0       0       0       0       0       0       0       0       0       0       0       0       0       0       0
Total ram usage:        0 bytes
 Hardware stack levels required when called:    6
 This function calls:
		_INT0_SetInterruptHandler
		_INT1_SetInterruptHandler
		_INT2_SetInterruptHandler
		_SYSTEM_Initialize
 This function is called by:
		Startup code after reset
 This function uses a non-reentrant model


 *************** function _SYSTEM_Initialize *****************
 Defined at:
		line 50 in file "mcc_generated_files/mcc.c"
 Parameters:    Size  Location     Type
		None
 Auto vars:     Size  Location     Type
		None
 Return value:  Size  Location     Type
                  1    wreg      void 
 Registers used:
		wreg, status,2, status,0, cstack
 Tracked objects:
		On entry : 
		On exit  : 
		Unchanged: 
 Data sizes:     COMRAM   BANK5   BANK6   BANK7   BANK8   BANK9  BANK10  BANK11  BANK12  BANK13  BANK14  BANK15  BANK16  BANK17  BANK18  BANK19  BANK20  BANK21  BANK22  BANK23  BANK24  BANK25  BANK26  BANK27  BANK28  BANK29  BANK30  BANK31  BANK32  BANK33  BANK34  BANK35  BANK36  BANK37
      Params:         0       0       0       0       0       0       0       0       0       0       0       0       0       0       0       0       0       0       0       0       0       0       0       0       0       0       0       0       0       0       0       0       0       0
      Locals:         0       0       0       0       0       0       0       0       0       0       0       0       0       0       0       0       0       0       0       0       0       0       0       0       0       0       0       0       0       0       0       0       0       0
      Temps:          0       0       0       0       0       0       0       0       0       0       0       0       0       0       0       0       0       0       0       0       0       0       0       0       0       0       0       0       0       0       0       0       0       0
      Totals:         0       0       0       0       0       0       0       0       0       0       0       0       0       0       0       0       0       0       0       0       0       0       0       0       0       0       0       0       0       0       0       0       0       0
Total ram usage:        0 bytes
 Hardware stack levels used:    1
 Hardware stack levels required when called:    5
 This function calls:
		_EXT_INT_Initialize
		_INTERRUPT_Initialize
		_OSCILLATOR_Initialize
		_PIN_MANAGER_Initialize
		_PMD_Initialize
 This function is called by:
		_main
 This function uses a non-reentrant model


 *************** function _PMD_Initialize *****************
 Defined at:
		line 75 in file "mcc_generated_files/mcc.c"
 Parameters:    Size  Location     Type
		None
 Auto vars:     Size  Location     Type
		None
 Return value:  Size  Location     Type
                  1    wreg      void 
 Registers used:
		wreg, status,2
 Tracked objects:
		On entry : 
		On exit  : 
		Unchanged: 
 Data sizes:     COMRAM   BANK5   BANK6   BANK7   BANK8   BANK9  BANK10  BANK11  BANK12  BANK13  BANK14  BANK15  BANK16  BANK17  BANK18  BANK19  BANK20  BANK21  BANK22  BANK23  BANK24  BANK25  BANK26  BANK27  BANK28  BANK29  BANK30  BANK31  BANK32  BANK33  BANK34  BANK35  BANK36  BANK37
      Params:         0       0       0       0       0       0       0       0       0       0       0       0       0       0       0       0       0       0       0       0       0       0       0       0       0       0       0       0       0       0       0       0       0       0
      Locals:         0       0       0       0       0       0       0       0       0       0       0       0       0       0       0       0       0       0       0       0       0       0       0       0       0       0       0       0       0       0       0       0       0       0
      Temps:          0       0       0       0       0       0       0       0       0       0       0       0       0       0       0       0       0       0       0       0       0       0       0       0       0       0       0       0       0       0       0       0       0       0
      Totals:         0       0       0       0       0       0       0       0       0       0       0       0       0       0       0       0       0       0       0       0       0       0       0       0       0       0       0       0       0       0       0       0       0       0
Total ram usage:        0 bytes
 Hardware stack levels used:    1
 Hardware stack levels required when called:    3
 This function calls:
		Nothing
 This function is called by:
		_SYSTEM_Initialize
 This function uses a non-reentrant model


 *************** function _PIN_MANAGER_Initialize *****************
 Defined at:
		line 55 in file "mcc_generated_files/pin_manager.c"
 Parameters:    Size  Location     Type
		None
 Auto vars:     Size  Location     Type
		None
 Return value:  Size  Location     Type
                  1    wreg      void 
 Registers used:
		wreg, status,2
 Tracked objects:
		On entry : 
		On exit  : 
		Unchanged: 
 Data sizes:     COMRAM   BANK5   BANK6   BANK7   BANK8   BANK9  BANK10  BANK11  BANK12  BANK13  BANK14  BANK15  BANK16  BANK17  BANK18  BANK19  BANK20  BANK21  BANK22  BANK23  BANK24  BANK25  BANK26  BANK27  BANK28  BANK29  BANK30  BANK31  BANK32  BANK33  BANK34  BANK35  BANK36  BANK37
      Params:         0       0       0       0       0       0       0       0       0       0       0       0       0       0       0       0       0       0       0       0       0       0       0       0       0       0       0       0       0       0       0       0       0       0
      Locals:         0       0       0       0       0       0       0       0       0       0       0       0       0       0       0       0       0       0       0       0       0       0       0       0       0       0       0       0       0       0       0       0       0       0
      Temps:          0       0       0       0       0       0       0       0       0       0       0       0       0       0       0       0       0       0       0       0       0       0       0       0       0       0       0       0       0       0       0       0       0       0
      Totals:         0       0       0       0       0       0       0       0       0       0       0       0       0       0       0       0       0       0       0       0       0       0       0       0       0       0       0       0       0       0       0       0       0       0
Total ram usage:        0 bytes
 Hardware stack levels used:    1
 Hardware stack levels required when called:    3
 This function calls:
		Nothing
 This function is called by:
		_SYSTEM_Initialize
 This function uses a non-reentrant model


 *************** function _OSCILLATOR_Initialize *****************
 Defined at:
		line 59 in file "mcc_generated_files/mcc.c"
 Parameters:    Size  Location     Type
		None
 Auto vars:     Size  Location     Type
		None
 Return value:  Size  Location     Type
                  1    wreg      void 
 Registers used:
		wreg, status,2
 Tracked objects:
		On entry : 
		On exit  : 
		Unchanged: 
 Data sizes:     COMRAM   BANK5   BANK6   BANK7   BANK8   BANK9  BANK10  BANK11  BANK12  BANK13  BANK14  BANK15  BANK16  BANK17  BANK18  BANK19  BANK20  BANK21  BANK22  BANK23  BANK24  BANK25  BANK26  BANK27  BANK28  BANK29  BANK30  BANK31  BANK32  BANK33  BANK34  BANK35  BANK36  BANK37
      Params:         0       0       0       0       0       0       0       0       0       0       0       0       0       0       0       0       0       0       0       0       0       0       0       0       0       0       0       0       0       0       0       0       0       0
      Locals:         0       0       0       0       0       0       0       0       0       0       0       0       0       0       0       0       0       0       0       0       0       0       0       0       0       0       0       0       0       0       0       0       0       0
      Temps:          0       0       0       0       0       0       0       0       0       0       0       0       0       0       0       0       0       0       0       0       0       0       0       0       0       0       0       0       0       0       0       0       0       0
      Totals:         0       0       0       0       0       0       0       0       0       0       0       0       0       0       0       0       0       0       0       0       0       0       0       0       0       0       0       0       0       0       0       0       0       0
Total ram usage:        0 bytes
 Hardware stack levels used:    1
 Hardware stack levels required when called:    3
 This function calls:
		Nothing
 This function is called by:
		_SYSTEM_Initialize
 This function uses a non-reentrant model


 *************** function _INTERRUPT_Initialize *****************
 Defined at:
		line 52 in file "mcc_generated_files/interrupt_manager.c"
 Parameters:    Size  Location     Type
		None
 Auto vars:     Size  Location     Type
  state           1    0[COMRAM] _Bool 
 Return value:  Size  Location     Type
                  1    wreg      void 
 Registers used:
		wreg, status,2
 Tracked objects:
		On entry : 
		On exit  : 
		Unchanged: 
 Data sizes:     COMRAM   BANK5   BANK6   BANK7   BANK8   BANK9  BANK10  BANK11  BANK12  BANK13  BANK14  BANK15  BANK16  BANK17  BANK18  BANK19  BANK20  BANK21  BANK22  BANK23  BANK24  BANK25  BANK26  BANK27  BANK28  BANK29  BANK30  BANK31  BANK32  BANK33  BANK34  BANK35  BANK36  BANK37
      Params:         0       0       0       0       0       0       0       0       0       0       0       0       0       0       0       0       0       0       0       0       0       0       0       0       0       0       0       0       0       0       0       0       0       0
      Locals:         1       0       0       0       0       0       0       0       0       0       0       0       0       0       0       0       0       0       0       0       0       0       0       0       0       0       0       0       0       0       0       0       0       0
      Temps:          0       0       0       0       0       0       0       0       0       0       0       0       0       0       0       0       0       0       0       0       0       0       0       0       0       0       0       0       0       0       0       0       0       0
      Totals:         1       0       0       0       0       0       0       0       0       0       0       0       0       0       0       0       0       0       0       0       0       0       0       0       0       0       0       0       0       0       0       0       0       0
Total ram usage:        1 bytes
 Hardware stack levels used:    1
 Hardware stack levels required when called:    3
 This function calls:
		Nothing
 This function is called by:
		_SYSTEM_Initialize
 This function uses a non-reentrant model


 *************** function _EXT_INT_Initialize *****************
 Defined at:
		line 114 in file "mcc_generated_files/ext_int.c"
 Parameters:    Size  Location     Type
		None
 Auto vars:     Size  Location     Type
		None
 Return value:  Size  Location     Type
                  1    wreg      void 
 Registers used:
		wreg, status,2, status,0, cstack
 Tracked objects:
		On entry : 
		On exit  : 
		Unchanged: 
 Data sizes:     COMRAM   BANK5   BANK6   BANK7   BANK8   BANK9  BANK10  BANK11  BANK12  BANK13  BANK14  BANK15  BANK16  BANK17  BANK18  BANK19  BANK20  BANK21  BANK22  BANK23  BANK24  BANK25  BANK26  BANK27  BANK28  BANK29  BANK30  BANK31  BANK32  BANK33  BANK34  BANK35  BANK36  BANK37
      Params:         0       0       0       0       0       0       0       0       0       0       0       0       0       0       0       0       0       0       0       0       0       0       0       0       0       0       0       0       0       0       0       0       0       0
      Locals:         0       0       0       0       0       0       0       0       0       0       0       0       0       0       0       0       0       0       0       0       0       0       0       0       0       0       0       0       0       0       0       0       0       0
      Temps:          0       0       0       0       0       0       0       0       0       0       0       0       0       0       0       0       0       0       0       0       0       0       0       0       0       0       0       0       0       0       0       0       0       0
      Totals:         0       0       0       0       0       0       0       0       0       0       0       0       0       0       0       0       0       0       0       0       0       0       0       0       0       0       0       0       0       0       0       0       0       0
Total ram usage:        0 bytes
 Hardware stack levels used:    1
 Hardware stack levels required when called:    4
 This function calls:
		_INT0_SetInterruptHandler
		_INT1_SetInterruptHandler
		_INT2_SetInterruptHandler
 This function is called by:
		_SYSTEM_Initialize
 This function uses a non-reentrant model


 *************** function _INT2_SetInterruptHandler *****************
 Defined at:
		line 105 in file "mcc_generated_files/ext_int.c"
 Parameters:    Size  Location     Type
  InterruptHan    3    0[COMRAM] PTR FTN()void 
		 -> my_INT2_ISR(1), INT2_DefaultInterruptHandler(1), 
 Auto vars:     Size  Location     Type
		None
 Return value:  Size  Location     Type
                  1    wreg      void 
 Registers used:
		wreg, status,2, status,0
 Tracked objects:
		On entry : 
		On exit  : 
		Unchanged: 
 Data sizes:     COMRAM   BANK5   BANK6   BANK7   BANK8   BANK9  BANK10  BANK11  BANK12  BANK13  BANK14  BANK15  BANK16  BANK17  BANK18  BANK19  BANK20  BANK21  BANK22  BANK23  BANK24  BANK25  BANK26  BANK27  BANK28  BANK29  BANK30  BANK31  BANK32  BANK33  BANK34  BANK35  BANK36  BANK37
      Params:         3       0       0       0       0       0       0       0       0       0       0       0       0       0       0       0       0       0       0       0       0       0       0       0       0       0       0       0       0       0       0       0       0       0
      Locals:         0       0       0       0       0       0       0       0       0       0       0       0       0       0       0       0       0       0       0       0       0       0       0       0       0       0       0       0       0       0       0       0       0       0
      Temps:          0       0       0       0       0       0       0       0       0       0       0       0       0       0       0       0       0       0       0       0       0       0       0       0       0       0       0       0       0       0       0       0       0       0
      Totals:         3       0       0       0       0       0       0       0       0       0       0       0       0       0       0       0       0       0       0       0       0       0       0       0       0       0       0       0       0       0       0       0       0       0
Total ram usage:        3 bytes
 Hardware stack levels used:    1
 Hardware stack levels required when called:    3
 This function calls:
		Nothing
 This function is called by:
		_EXT_INT_Initialize
		_main
 This function uses a non-reentrant model


 *************** function _INT1_SetInterruptHandler *****************
 Defined at:
		line 79 in file "mcc_generated_files/ext_int.c"
 Parameters:    Size  Location     Type
  InterruptHan    3    0[COMRAM] PTR FTN()void 
		 -> my_INT1_ISR(1), INT1_DefaultInterruptHandler(1), 
 Auto vars:     Size  Location     Type
		None
 Return value:  Size  Location     Type
                  1    wreg      void 
 Registers used:
		wreg, status,2, status,0
 Tracked objects:
		On entry : 
		On exit  : 
		Unchanged: 
 Data sizes:     COMRAM   BANK5   BANK6   BANK7   BANK8   BANK9  BANK10  BANK11  BANK12  BANK13  BANK14  BANK15  BANK16  BANK17  BANK18  BANK19  BANK20  BANK21  BANK22  BANK23  BANK24  BANK25  BANK26  BANK27  BANK28  BANK29  BANK30  BANK31  BANK32  BANK33  BANK34  BANK35  BANK36  BANK37
      Params:         3       0       0       0       0       0       0       0       0       0       0       0       0       0       0       0       0       0       0       0       0       0       0       0       0       0       0       0       0       0       0       0       0       0
      Locals:         0       0       0       0       0       0       0       0       0       0       0       0       0       0       0       0       0       0       0       0       0       0       0       0       0       0       0       0       0       0       0       0       0       0
      Temps:          0       0       0       0       0       0       0       0       0       0       0       0       0       0       0       0       0       0       0       0       0       0       0       0       0       0       0       0       0       0       0       0       0       0
      Totals:         3       0       0       0       0       0       0       0       0       0       0       0       0       0       0       0       0       0       0       0       0       0       0       0       0       0       0       0       0       0       0       0       0       0
Total ram usage:        3 bytes
 Hardware stack levels used:    1
 Hardware stack levels required when called:    3
 This function calls:
		Nothing
 This function is called by:
		_EXT_INT_Initialize
		_main
 This function uses a non-reentrant model


 *************** function _INT0_SetInterruptHandler *****************
 Defined at:
		line 53 in file "mcc_generated_files/ext_int.c"
 Parameters:    Size  Location     Type
  InterruptHan    3    0[COMRAM] PTR FTN()void 
		 -> my_INT0_ISR(1), INT0_DefaultInterruptHandler(1), 
 Auto vars:     Size  Location     Type
		None
 Return value:  Size  Location     Type
                  1    wreg      void 
 Registers used:
		wreg, status,2, status,0
 Tracked objects:
		On entry : 
		On exit  : 
		Unchanged: 
 Data sizes:     COMRAM   BANK5   BANK6   BANK7   BANK8   BANK9  BANK10  BANK11  BANK12  BANK13  BANK14  BANK15  BANK16  BANK17  BANK18  BANK19  BANK20  BANK21  BANK22  BANK23  BANK24  BANK25  BANK26  BANK27  BANK28  BANK29  BANK30  BANK31  BANK32  BANK33  BANK34  BANK35  BANK36  BANK37
      Params:         3       0       0       0       0       0       0       0       0       0       0       0       0       0       0       0       0       0       0       0       0       0       0       0       0       0       0       0       0       0       0       0       0       0
      Locals:         0       0       0       0       0       0       0       0       0       0       0       0       0       0       0       0       0       0       0       0       0       0       0       0       0       0       0       0       0       0       0       0       0       0
      Temps:          0       0       0       0       0       0       0       0       0       0       0       0       0       0       0       0       0       0       0       0       0       0       0       0       0       0       0       0       0       0       0       0       0       0
      Totals:         3       0       0       0       0       0       0       0       0       0       0       0       0       0       0       0       0       0       0       0       0       0       0       0       0       0       0       0       0       0       0       0       0       0
Total ram usage:        3 bytes
 Hardware stack levels used:    1
 Hardware stack levels required when called:    3
 This function calls:
		Nothing
 This function is called by:
		_EXT_INT_Initialize
		_main
 This function uses a non-reentrant model


 *************** function _Default_ISR *****************
 Defined at:
		line 77 in file "mcc_generated_files/interrupt_manager.c"
 Parameters:    Size  Location     Type
		None
 Auto vars:     Size  Location     Type
		None
 Return value:  Size  Location     Type
                  1    wreg      void 
 Registers used:
		None
 Tracked objects:
		On entry : 
		On exit  : 
		Unchanged: 
 Data sizes:     COMRAM   BANK5   BANK6   BANK7   BANK8   BANK9  BANK10  BANK11  BANK12  BANK13  BANK14  BANK15  BANK16  BANK17  BANK18  BANK19  BANK20  BANK21  BANK22  BANK23  BANK24  BANK25  BANK26  BANK27  BANK28  BANK29  BANK30  BANK31  BANK32  BANK33  BANK34  BANK35  BANK36  BANK37
      Params:         0       0       0       0       0       0       0       0       0       0       0       0       0       0       0       0       0       0       0       0       0       0       0       0       0       0       0       0       0       0       0       0       0       0
      Locals:         0       0       0       0       0       0       0       0       0       0       0       0       0       0       0       0       0       0       0       0       0       0       0       0       0       0       0       0       0       0       0       0       0       0
      Temps:          0       0       0       0       0       0       0       0       0       0       0       0       0       0       0       0       0       0       0       0       0       0       0       0       0       0       0       0       0       0       0       0       0       0
      Totals:         0       0       0       0       0       0       0       0       0       0       0       0       0       0       0       0       0       0       0       0       0       0       0       0       0       0       0       0       0       0       0       0       0       0
Total ram usage:        0 bytes
 Hardware stack levels used:    1
 This function calls:
		Nothing
 This function is called by:
		Interrupt level 2
 This function uses a non-reentrant model


 *************** function _INT0_ISR *****************
 Defined at:
		line 35 in file "mcc_generated_files/ext_int.c"
 Parameters:    Size  Location     Type
		None
 Auto vars:     Size  Location     Type
		None
 Return value:  Size  Location     Type
                  1    wreg      void 
 Registers used:
		wreg, status,2, status,0, pclath, tosl, cstack
 Tracked objects:
		On entry : 
		On exit  : 
		Unchanged: 
 Data sizes:     COMRAM   BANK5   BANK6   BANK7   BANK8   BANK9  BANK10  BANK11  BANK12  BANK13  BANK14  BANK15  BANK16  BANK17  BANK18  BANK19  BANK20  BANK21  BANK22  BANK23  BANK24  BANK25  BANK26  BANK27  BANK28  BANK29  BANK30  BANK31  BANK32  BANK33  BANK34  BANK35  BANK36  BANK37
      Params:         0       0       0       0       0       0       0       0       0       0       0       0       0       0       0       0       0       0       0       0       0       0       0       0       0       0       0       0       0       0       0       0       0       0
      Locals:         0       0       0       0       0       0       0       0       0       0       0       0       0       0       0       0       0       0       0       0       0       0       0       0       0       0       0       0       0       0       0       0       0       0
      Temps:          0       0       0       0       0       0       0       0       0       0       0       0       0       0       0       0       0       0       0       0       0       0       0       0       0       0       0       0       0       0       0       0       0       0
      Totals:         0       0       0       0       0       0       0       0       0       0       0       0       0       0       0       0       0       0       0       0       0       0       0       0       0       0       0       0       0       0       0       0       0       0
Total ram usage:        0 bytes
 Hardware stack levels used:    1
 Hardware stack levels required when called:    2
 This function calls:
		_INT0_CallBack
 This function is called by:
		Interrupt level 2
 This function uses a non-reentrant model


 *************** function _INT0_CallBack *****************
 Defined at:
		line 44 in file "mcc_generated_files/ext_int.c"
 Parameters:    Size  Location     Type
		None
 Auto vars:     Size  Location     Type
		None
 Return value:  Size  Location     Type
                  1    wreg      void 
 Registers used:
		wreg, status,2, status,0, pclath, tosl, cstack
 Tracked objects:
		On entry : 
		On exit  : 
		Unchanged: 
 Data sizes:     COMRAM   BANK5   BANK6   BANK7   BANK8   BANK9  BANK10  BANK11  BANK12  BANK13  BANK14  BANK15  BANK16  BANK17  BANK18  BANK19  BANK20  BANK21  BANK22  BANK23  BANK24  BANK25  BANK26  BANK27  BANK28  BANK29  BANK30  BANK31  BANK32  BANK33  BANK34  BANK35  BANK36  BANK37
      Params:         0       0       0       0       0       0       0       0       0       0       0       0       0       0       0       0       0       0       0       0       0       0       0       0       0       0       0       0       0       0       0       0       0       0
      Locals:         0       0       0       0       0       0       0       0       0       0       0       0       0       0       0       0       0       0       0       0       0       0       0       0       0       0       0       0       0       0       0       0       0       0
      Temps:          0       0       0       0       0       0       0       0       0       0       0       0       0       0       0       0       0       0       0       0       0       0       0       0       0       0       0       0       0       0       0       0       0       0
      Totals:         0       0       0       0       0       0       0       0       0       0       0       0       0       0       0       0       0       0       0       0       0       0       0       0       0       0       0       0       0       0       0       0       0       0
Total ram usage:        0 bytes
 Hardware stack levels used:    1
 Hardware stack levels required when called:    1
 This function calls:
		Absolute function
		_INT0_DefaultInterruptHandler
		_my_INT0_ISR
 This function is called by:
		_INT0_ISR
 This function uses a non-reentrant model


 *************** function _INT0_DefaultInterruptHandler *****************
 Defined at:
		line 57 in file "mcc_generated_files/ext_int.c"
 Parameters:    Size  Location     Type
		None
 Auto vars:     Size  Location     Type
		None
 Return value:  Size  Location     Type
                  1    wreg      void 
 Registers used:
		None
 Tracked objects:
		On entry : 
		On exit  : 
		Unchanged: 
 Data sizes:     COMRAM   BANK5   BANK6   BANK7   BANK8   BANK9  BANK10  BANK11  BANK12  BANK13  BANK14  BANK15  BANK16  BANK17  BANK18  BANK19  BANK20  BANK21  BANK22  BANK23  BANK24  BANK25  BANK26  BANK27  BANK28  BANK29  BANK30  BANK31  BANK32  BANK33  BANK34  BANK35  BANK36  BANK37
      Params:         0       0       0       0       0       0       0       0       0       0       0       0       0       0       0       0       0       0       0       0       0       0       0       0       0       0       0       0       0       0       0       0       0       0
      Locals:         0       0       0       0       0       0       0       0       0       0       0       0       0       0       0       0       0       0       0       0       0       0       0       0       0       0       0       0       0       0       0       0       0       0
      Temps:          0       0       0       0       0       0       0       0       0       0       0       0       0       0       0       0       0       0       0       0       0       0       0       0       0       0       0       0       0       0       0       0       0       0
      Totals:         0       0       0       0       0       0       0       0       0       0       0       0       0       0       0       0       0       0       0       0       0       0       0       0       0       0       0       0       0       0       0       0       0       0
Total ram usage:        0 bytes
 Hardware stack levels used:    1
 This function calls:
		Nothing
 This function is called by:
		_EXT_INT_Initialize
		_INT0_CallBack
 This function uses a non-reentrant model


 *************** function _my_INT0_ISR *****************
 Defined at:
		line 49 in file "main.c"
 Parameters:    Size  Location     Type
		None
 Auto vars:     Size  Location     Type
		None
 Return value:  Size  Location     Type
                  1    wreg      void 
 Registers used:
		wreg, status,2, status,0
 Tracked objects:
		On entry : 
		On exit  : 
		Unchanged: 
 Data sizes:     COMRAM   BANK5   BANK6   BANK7   BANK8   BANK9  BANK10  BANK11  BANK12  BANK13  BANK14  BANK15  BANK16  BANK17  BANK18  BANK19  BANK20  BANK21  BANK22  BANK23  BANK24  BANK25  BANK26  BANK27  BANK28  BANK29  BANK30  BANK31  BANK32  BANK33  BANK34  BANK35  BANK36  BANK37
      Params:         0       0       0       0       0       0       0       0       0       0       0       0       0       0       0       0       0       0       0       0       0       0       0       0       0       0       0       0       0       0       0       0       0       0
      Locals:         0       0       0       0       0       0       0       0       0       0       0       0       0       0       0       0       0       0       0       0       0       0       0       0       0       0       0       0       0       0       0       0       0       0
      Temps:          0       0       0       0       0       0       0       0       0       0       0       0       0       0       0       0       0       0       0       0       0       0       0       0       0       0       0       0       0       0       0       0       0       0
      Totals:         0       0       0       0       0       0       0       0       0       0       0       0       0       0       0       0       0       0       0       0       0       0       0       0       0       0       0       0       0       0       0       0       0       0
Total ram usage:        0 bytes
 Hardware stack levels used:    1
 This function calls:
		Nothing
 This function is called by:
		_main
		_INT0_CallBack
 This function uses a non-reentrant model


 *************** function _INT1_ISR *****************
 Defined at:
		line 61 in file "mcc_generated_files/ext_int.c"
 Parameters:    Size  Location     Type
		None
 Auto vars:     Size  Location     Type
		None
 Return value:  Size  Location     Type
                  1    wreg      void 
 Registers used:
		wreg, status,2, status,0, pclath, tosl, cstack
 Tracked objects:
		On entry : 
		On exit  : 
		Unchanged: 
 Data sizes:     COMRAM   BANK5   BANK6   BANK7   BANK8   BANK9  BANK10  BANK11  BANK12  BANK13  BANK14  BANK15  BANK16  BANK17  BANK18  BANK19  BANK20  BANK21  BANK22  BANK23  BANK24  BANK25  BANK26  BANK27  BANK28  BANK29  BANK30  BANK31  BANK32  BANK33  BANK34  BANK35  BANK36  BANK37
      Params:         0       0       0       0       0       0       0       0       0       0       0       0       0       0       0       0       0       0       0       0       0       0       0       0       0       0       0       0       0       0       0       0       0       0
      Locals:         0       0       0       0       0       0       0       0       0       0       0       0       0       0       0       0       0       0       0       0       0       0       0       0       0       0       0       0       0       0       0       0       0       0
      Temps:          0       0       0       0       0       0       0       0       0       0       0       0       0       0       0       0       0       0       0       0       0       0       0       0       0       0       0       0       0       0       0       0       0       0
      Totals:         0       0       0       0       0       0       0       0       0       0       0       0       0       0       0       0       0       0       0       0       0       0       0       0       0       0       0       0       0       0       0       0       0       0
Total ram usage:        0 bytes
 Hardware stack levels used:    1
 Hardware stack levels required when called:    2
 This function calls:
		_INT1_CallBack
 This function is called by:
		Interrupt level 2
 This function uses a non-reentrant model


 *************** function _INT1_CallBack *****************
 Defined at:
		line 70 in file "mcc_generated_files/ext_int.c"
 Parameters:    Size  Location     Type
		None
 Auto vars:     Size  Location     Type
		None
 Return value:  Size  Location     Type
                  1    wreg      void 
 Registers used:
		wreg, status,2, status,0, pclath, tosl, cstack
 Tracked objects:
		On entry : 
		On exit  : 
		Unchanged: 
 Data sizes:     COMRAM   BANK5   BANK6   BANK7   BANK8   BANK9  BANK10  BANK11  BANK12  BANK13  BANK14  BANK15  BANK16  BANK17  BANK18  BANK19  BANK20  BANK21  BANK22  BANK23  BANK24  BANK25  BANK26  BANK27  BANK28  BANK29  BANK30  BANK31  BANK32  BANK33  BANK34  BANK35  BANK36  BANK37
      Params:         0       0       0       0       0       0       0       0       0       0       0       0       0       0       0       0       0       0       0       0       0       0       0       0       0       0       0       0       0       0       0       0       0       0
      Locals:         0       0       0       0       0       0       0       0       0       0       0       0       0       0       0       0       0       0       0       0       0       0       0       0       0       0       0       0       0       0       0       0       0       0
      Temps:          0       0       0       0       0       0       0       0       0       0       0       0       0       0       0       0       0       0       0       0       0       0       0       0       0       0       0       0       0       0       0       0       0       0
      Totals:         0       0       0       0       0       0       0       0       0       0       0       0       0       0       0       0       0       0       0       0       0       0       0       0       0       0       0       0       0       0       0       0       0       0
Total ram usage:        0 bytes
 Hardware stack levels used:    1
 Hardware stack levels required when called:    1
 This function calls:
		Absolute function
		_INT1_DefaultInterruptHandler
		_my_INT1_ISR
 This function is called by:
		_INT1_ISR
 This function uses a non-reentrant model


 *************** function _INT1_DefaultInterruptHandler *****************
 Defined at:
		line 83 in file "mcc_generated_files/ext_int.c"
 Parameters:    Size  Location     Type
		None
 Auto vars:     Size  Location     Type
		None
 Return value:  Size  Location     Type
                  1    wreg      void 
 Registers used:
		None
 Tracked objects:
		On entry : 
		On exit  : 
		Unchanged: 
 Data sizes:     COMRAM   BANK5   BANK6   BANK7   BANK8   BANK9  BANK10  BANK11  BANK12  BANK13  BANK14  BANK15  BANK16  BANK17  BANK18  BANK19  BANK20  BANK21  BANK22  BANK23  BANK24  BANK25  BANK26  BANK27  BANK28  BANK29  BANK30  BANK31  BANK32  BANK33  BANK34  BANK35  BANK36  BANK37
      Params:         0       0       0       0       0       0       0       0       0       0       0       0       0       0       0       0       0       0       0       0       0       0       0       0       0       0       0       0       0       0       0       0       0       0
      Locals:         0       0       0       0       0       0       0       0       0       0       0       0       0       0       0       0       0       0       0       0       0       0       0       0       0       0       0       0       0       0       0       0       0       0
      Temps:          0       0       0       0       0       0       0       0       0       0       0       0       0       0       0       0       0       0       0       0       0       0       0       0       0       0       0       0       0       0       0       0       0       0
      Totals:         0       0       0       0       0       0       0       0       0       0       0       0       0       0       0       0       0       0       0       0       0       0       0       0       0       0       0       0       0       0       0       0       0       0
Total ram usage:        0 bytes
 Hardware stack levels used:    1
 This function calls:
		Nothing
 This function is called by:
		_EXT_INT_Initialize
		_INT1_CallBack
 This function uses a non-reentrant model


 *************** function _my_INT1_ISR *****************
 Defined at:
		line 55 in file "main.c"
 Parameters:    Size  Location     Type
		None
 Auto vars:     Size  Location     Type
		None
 Return value:  Size  Location     Type
                  1    wreg      void 
 Registers used:
		wreg, status,2, status,0
 Tracked objects:
		On entry : 
		On exit  : 
		Unchanged: 
 Data sizes:     COMRAM   BANK5   BANK6   BANK7   BANK8   BANK9  BANK10  BANK11  BANK12  BANK13  BANK14  BANK15  BANK16  BANK17  BANK18  BANK19  BANK20  BANK21  BANK22  BANK23  BANK24  BANK25  BANK26  BANK27  BANK28  BANK29  BANK30  BANK31  BANK32  BANK33  BANK34  BANK35  BANK36  BANK37
      Params:         0       0       0       0       0       0       0       0       0       0       0       0       0       0       0       0       0       0       0       0       0       0       0       0       0       0       0       0       0       0       0       0       0       0
      Locals:         0       0       0       0       0       0       0       0       0       0       0       0       0       0       0       0       0       0       0       0       0       0       0       0       0       0       0       0       0       0       0       0       0       0
      Temps:          0       0       0       0       0       0       0       0       0       0       0       0       0       0       0       0       0       0       0       0       0       0       0       0       0       0       0       0       0       0       0       0       0       0
      Totals:         0       0       0       0       0       0       0       0       0       0       0       0       0       0       0       0       0       0       0       0       0       0       0       0       0       0       0       0       0       0       0       0       0       0
Total ram usage:        0 bytes
 Hardware stack levels used:    1
 This function calls:
		Nothing
 This function is called by:
		_main
		_INT1_CallBack
 This function uses a non-reentrant model


 *************** function _INT2_ISR *****************
 Defined at:
		line 87 in file "mcc_generated_files/ext_int.c"
 Parameters:    Size  Location     Type
		None
 Auto vars:     Size  Location     Type
		None
 Return value:  Size  Location     Type
                  1    wreg      void 
 Registers used:
		wreg, status,2, status,0, pclath, tosl, cstack
 Tracked objects:
		On entry : 
		On exit  : 
		Unchanged: 
 Data sizes:     COMRAM   BANK5   BANK6   BANK7   BANK8   BANK9  BANK10  BANK11  BANK12  BANK13  BANK14  BANK15  BANK16  BANK17  BANK18  BANK19  BANK20  BANK21  BANK22  BANK23  BANK24  BANK25  BANK26  BANK27  BANK28  BANK29  BANK30  BANK31  BANK32  BANK33  BANK34  BANK35  BANK36  BANK37
      Params:         0       0       0       0       0       0       0       0       0       0       0       0       0       0       0       0       0       0       0       0       0       0       0       0       0       0       0       0       0       0       0       0       0       0
      Locals:         0       0       0       0       0       0       0       0       0       0       0       0       0       0       0       0       0       0       0       0       0       0       0       0       0       0       0       0       0       0       0       0       0       0
      Temps:          0       0       0       0       0       0       0       0       0       0       0       0       0       0       0       0       0       0       0       0       0       0       0       0       0       0       0       0       0       0       0       0       0       0
      Totals:         0       0       0       0       0       0       0       0       0       0       0       0       0       0       0       0       0       0       0       0       0       0       0       0       0       0       0       0       0       0       0       0       0       0
Total ram usage:        0 bytes
 Hardware stack levels used:    1
 Hardware stack levels required when called:    2
 This function calls:
		_INT2_CallBack
 This function is called by:
		Interrupt level 2
 This function uses a non-reentrant model


 *************** function _INT2_CallBack *****************
 Defined at:
		line 96 in file "mcc_generated_files/ext_int.c"
 Parameters:    Size  Location     Type
		None
 Auto vars:     Size  Location     Type
		None
 Return value:  Size  Location     Type
                  1    wreg      void 
 Registers used:
		wreg, status,2, status,0, pclath, tosl, cstack
 Tracked objects:
		On entry : 
		On exit  : 
		Unchanged: 
 Data sizes:     COMRAM   BANK5   BANK6   BANK7   BANK8   BANK9  BANK10  BANK11  BANK12  BANK13  BANK14  BANK15  BANK16  BANK17  BANK18  BANK19  BANK20  BANK21  BANK22  BANK23  BANK24  BANK25  BANK26  BANK27  BANK28  BANK29  BANK30  BANK31  BANK32  BANK33  BANK34  BANK35  BANK36  BANK37
      Params:         0       0       0       0       0       0       0       0       0       0       0       0       0       0       0       0       0       0       0       0       0       0       0       0       0       0       0       0       0       0       0       0       0       0
      Locals:         0       0       0       0       0       0       0       0       0       0       0       0       0       0       0       0       0       0       0       0       0       0       0       0       0       0       0       0       0       0       0       0       0       0
      Temps:          0       0       0       0       0       0       0       0       0       0       0       0       0       0       0       0       0       0       0       0       0       0       0       0       0       0       0       0       0       0       0       0       0       0
      Totals:         0       0       0       0       0       0       0       0       0       0       0       0       0       0       0       0       0       0       0       0       0       0       0       0       0       0       0       0       0       0       0       0       0       0
Total ram usage:        0 bytes
 Hardware stack levels used:    1
 Hardware stack levels required when called:    1
 This function calls:
		Absolute function
		_INT2_DefaultInterruptHandler
		_my_INT2_ISR
 This function is called by:
		_INT2_ISR
 This function uses a non-reentrant model


 *************** function _INT2_DefaultInterruptHandler *****************
 Defined at:
		line 109 in file "mcc_generated_files/ext_int.c"
 Parameters:    Size  Location     Type
		None
 Auto vars:     Size  Location     Type
		None
 Return value:  Size  Location     Type
                  1    wreg      void 
 Registers used:
		None
 Tracked objects:
		On entry : 
		On exit  : 
		Unchanged: 
 Data sizes:     COMRAM   BANK5   BANK6   BANK7   BANK8   BANK9  BANK10  BANK11  BANK12  BANK13  BANK14  BANK15  BANK16  BANK17  BANK18  BANK19  BANK20  BANK21  BANK22  BANK23  BANK24  BANK25  BANK26  BANK27  BANK28  BANK29  BANK30  BANK31  BANK32  BANK33  BANK34  BANK35  BANK36  BANK37
      Params:         0       0       0       0       0       0       0       0       0       0       0       0       0       0       0       0       0       0       0       0       0       0       0       0       0       0       0       0       0       0       0       0       0       0
      Locals:         0       0       0       0       0       0       0       0       0       0       0       0       0       0       0       0       0       0       0       0       0       0       0       0       0       0       0       0       0       0       0       0       0       0
      Temps:          0       0       0       0       0       0       0       0       0       0       0       0       0       0       0       0       0       0       0       0       0       0       0       0       0       0       0       0       0       0       0       0       0       0
      Totals:         0       0       0       0       0       0       0       0       0       0       0       0       0       0       0       0       0       0       0       0       0       0       0       0       0       0       0       0       0       0       0       0       0       0
Total ram usage:        0 bytes
 Hardware stack levels used:    1
 This function calls:
		Nothing
 This function is called by:
		_EXT_INT_Initialize
		_INT2_CallBack
 This function uses a non-reentrant model


 *************** function _my_INT2_ISR *****************
 Defined at:
		line 61 in file "main.c"
 Parameters:    Size  Location     Type
		None
 Auto vars:     Size  Location     Type
		None
 Return value:  Size  Location     Type
                  1    wreg      void 
 Registers used:
		wreg, status,2
 Tracked objects:
		On entry : 
		On exit  : 
		Unchanged: 
 Data sizes:     COMRAM   BANK5   BANK6   BANK7   BANK8   BANK9  BANK10  BANK11  BANK12  BANK13  BANK14  BANK15  BANK16  BANK17  BANK18  BANK19  BANK20  BANK21  BANK22  BANK23  BANK24  BANK25  BANK26  BANK27  BANK28  BANK29  BANK30  BANK31  BANK32  BANK33  BANK34  BANK35  BANK36  BANK37
      Params:         0       0       0       0       0       0       0       0       0       0       0       0       0       0       0       0       0       0       0       0       0       0       0       0       0       0       0       0       0       0       0       0       0       0
      Locals:         0       0       0       0       0       0       0       0       0       0       0       0       0       0       0       0       0       0       0       0       0       0       0       0       0       0       0       0       0       0       0       0       0       0
      Temps:          0       0       0       0       0       0       0       0       0       0       0       0       0       0       0       0       0       0       0       0       0       0       0       0       0       0       0       0       0       0       0       0       0       0
      Totals:         0       0       0       0       0       0       0       0       0       0       0       0       0       0       0       0       0       0       0       0       0       0       0       0       0       0       0       0       0       0       0       0       0       0
Total ram usage:        0 bytes
 Hardware stack levels used:    1
 This function calls:
		Nothing
 This function is called by:
		_main
		_INT2_CallBack
 This function uses a non-reentrant model



MODULE INFORMATION

Module		Function		Class		Link	Load	Size
mcc_generated_files/interrupt_manager.c
		_INTERRUPT_Initialize		CODE           	023A	0000	66
		_Default_ISR   		CODE           	03E4	0000	2

mcc_generated_files/interrupt_manager.c estimated size: 68

mcc_generated_files/pin_manager.c
		_PIN_MANAGER_Initialize		CODE           	0106	0000	168

mcc_generated_files/pin_manager.c estimated size: 168

mcc_generated_files/ext_int.c
		_INT0_SetInterruptHandler		CODE           	03A6	0000	14
		_INT1_SetInterruptHandler		CODE           	0398	0000	14
		_EXT_INT_Initialize		CODE           	01F6	0000	68
		_INT2_SetInterruptHandler		CODE           	038A	0000	14
		_INT0_DefaultInterruptHandler		CODE           	03E6	0000	2
		_INT0_CallBack 		CODE           	027C	0000	48
		_INT1_DefaultInterruptHandler		CODE           	03E8	0000	2
		_INT1_CallBack 		CODE           	02AC	0000	48
		_INT2_DefaultInterruptHandler		CODE           	03EA	0000	2
		_INT2_CallBack 		CODE           	02DC	0000	48
		_INT0_ISR      		CODE           	03CC	0000	8
		_INT1_ISR      		CODE           	03D4	0000	8
		_INT2_ISR      		CODE           	03DC	0000	8

mcc_generated_files/ext_int.c estimated size: 284

shared
		__initialization		CODE           	034C	0000	18

shared estimated size: 18

mcc_generated_files/mcc.c
		_PMD_Initialize		CODE           	030C	0000	36
		_OSCILLATOR_Initialize		CODE           	0330	0000	28
		_SYSTEM_Initialize		CODE           	0364	0000	22

mcc_generated_files/mcc.c estimated size: 86

main.c
		_my_INT1_ISR   		CODE           	03B4	0000	14
		_main          		CODE           	01AE	0000	72
		_my_INT0_ISR   		CODE           	037A	0000	16
		_my_INT2_ISR   		CODE           	03C2	0000	10

main.c estimated size: 112

